2026-10-03 13:43:47.462 [background-preinit] INFO  [] [] o.h.validator.internal.util.Version - HV000001: Hibernate Validator 8.0.3.Final
2026-10-03 13:43:47.860 [main] INFO  [] [] o.s.d.r.c.RepositoryConfigurationDelegate - Bootstrapping Spring Data JPA repositories in DEFAULT mode.
2026-10-03 13:43:47.881 [main] INFO  [] [] o.s.d.r.c.RepositoryConfigurationDelegate - Finished Spring Data repository scanning in 17 ms. Found 3 JPA repository interfaces.
2026-10-03 13:43:48.075 [main] INFO  [] [] o.s.b.w.e.tomcat.TomcatWebServer - Tomcat initialized with port 8080 (http)
2026-10-03 13:43:48.079 [main] INFO  [] [] o.a.coyote.http11.Http11NioProtocol - Initializing ProtocolHandler ["http-nio-8080"]
2026-10-03 13:43:48.080 [main] INFO  [] [] o.a.catalina.core.StandardService - Starting service [Tomcat]
2026-10-03 13:43:48.081 [main] INFO  [] [] o.a.catalina.core.StandardEngine - Starting Servlet engine: [Apache Tomcat/10.1.52]
2026-10-03 13:43:48.092 [main] INFO  [] [] o.a.c.c.C.[Tomcat].[localhost].[/] - Initializing Spring embedded WebApplicationContext
2026-10-03 13:43:48.092 [main] INFO  [] [] o.s.b.w.s.c.ServletWebServerApplicationContext - Root WebApplicationContext: initialization completed in 591 ms
2026-10-03 13:43:48.191 [main] INFO  [] [] com.zaxxer.hikari.HikariDataSource - SeatReservationPool - Starting...
2026-10-03 13:43:48.271 [main] INFO  [] [] com.zaxxer.hikari.pool.HikariPool - SeatReservationPool - Added connection org.postgresql.jdbc.PgConnection@1ccdc7aa
2026-10-03 13:43:48.272 [main] INFO  [] [] com.zaxxer.hikari.HikariDataSource - SeatReservationPool - Start completed.
2026-10-03 13:43:48.319 [main] INFO  [] [] o.h.jpa.internal.util.LogHelper - HHH000204: Processing PersistenceUnitInfo [name: default]
2026-10-03 13:43:48.337 [main] INFO  [] [] org.hibernate.Version - HHH000412: Hibernate ORM core version 6.6.44.Final
2026-10-03 13:43:48.349 [main] INFO  [] [] o.h.c.i.RegionFactoryInitiator - HHH000026: Second-level cache disabled
2026-10-03 13:43:48.445 [main] INFO  [] [] o.s.o.j.p.SpringPersistenceUnitInfo - No LoadTimeWeaver setup: ignoring JPA class transformer
2026-10-03 13:43:48.470 [main] WARN  [] [] org.hibernate.orm.deprecation - HHH90000025: PostgreSQLDialect does not need to be specified explicitly using 'hibernate.dialect' (remove the property setting and it will be selected by default)
2026-10-03 13:43:48.475 [main] INFO  [] [] o.hibernate.orm.connections.pooling - HHH10001005: Database info:
	Database JDBC URL [Connecting through datasource 'HikariDataSource (SeatReservationPool)']
	Database driver: undefined/unknown
	Database version: 15.19
	Autocommit mode: undefined/unknown
	Isolation level: undefined/unknown
	Minimum pool size: undefined/unknown
	Maximum pool size: undefined/unknown
2026-10-03 13:43:48.793 [main] INFO  [] [] o.h.e.t.j.p.i.JtaPlatformInitiator - HHH000489: No JTA platform available (set 'hibernate.transaction.jta.platform' to enable JTA platform integration)
2026-10-03 13:43:48.794 [main] INFO  [] [] o.s.o.j.LocalContainerEntityManagerFactoryBean - Initialized JPA EntityManagerFactory for persistence unit 'default'
2026-10-03 13:43:48.889 [main] INFO  [] [] o.s.d.j.r.query.QueryEnhancerFactory - Hibernate is in classpath; If applicable, HQL parser will be used.
2026-10-03 13:43:49.108 [main] WARN  [] [] o.s.b.a.o.j.JpaBaseConfiguration$JpaWebConfiguration - spring.jpa.open-in-view is enabled by default. Therefore, database queries may be performed during view rendering. Explicitly configure spring.jpa.open-in-view to disable this warning
2026-10-03 13:43:49.206 [main] INFO  [] [] o.s.b.a.e.web.EndpointLinksResolver - Exposing 4 endpoints beneath base path '/actuator'
2026-10-03 13:43:49.220 [main] WARN  [] [] o.s.b.a.s.s.UserDetailsServiceAutoConfiguration - 

Using generated security password: f03a36aa-9338-480f-b329-46566b053473

This generated password is for development use only. Your security configuration must be updated before running your application in production.

2026-10-03 13:43:49.356 [main] INFO  [] [] o.a.coyote.http11.Http11NioProtocol - Starting ProtocolHandler ["http-nio-8080"]
2026-10-03 13:43:49.363 [main] INFO  [] [] o.s.b.w.e.tomcat.TomcatWebServer - Tomcat started on port 8080 (http) with context path '/'
2026-10-03 13:43:52.152 [http-nio-8080-exec-1] INFO  [] [] o.a.c.c.C.[Tomcat].[localhost].[/] - Initializing Spring DispatcherServlet 'dispatcherServlet'
